============================= test session starts =============================
platform win32 -- Python 3.13.3, pytest-8.4.1, pluggy-1.6.0 -- C:\Python313\python.exe
cachedir: .pytest_cache
rootdir: C:\Users\andrechw\Documents\AI-Web-Test-v1\backend
plugins: anyio-3.7.1, asyncio-1.1.0, base-url-2.1.0, cov-6.2.1, playwright-0.7.0
asyncio: mode=Mode.STRICT, asyncio_default_fixture_loop_scope=None, asyncio_default_test_loop_scope=function
python : Logs are being saved to: 
C:\Users\andrechw\Documents\AI-Web-Test-v1\backend\logs\test_four_agent_e2e_20260210_111721.log
At C:\Users\andrechw\AppData\Local\Temp\ps-script-b9ab72fb-ad64-4cad-9f18-308d6e2cb99e.ps1:7 char:260
+ ... T = "true"; python -u -m pytest tests/integration/test_four_agent_e2e ...
+                 ~~~~~~~~~~~~~~~~~~~~~~~~~~~~~~~~~~~~~~~~~~~~~~~~~~~~~~~~~
    + CategoryInfo          : NotSpecified: (Logs are being ...0210_111721.log:String) [], RemoteException
    + FullyQualifiedErrorId : NativeCommandError
 
collecting ... 2026-02-10 11:17:22 - llm.cerebras_client - WARNING - Cerebras SDK not installed. Using stub mode.
collected 1 item

tests/integration/test_four_agent_e2e_real.py::TestFourAgentE2EReal::test_complete_4_agent_workflow_real 2026-02-10 11:17:22 - llm.azure_client - INFO - Azure OpenAI client initialized with deployment: ChatGPT-UAT
2026-02-10 11:17:22 - llm.azure_client - INFO - Using endpoint: https://chatgpt-uat.openai.azure.com
2026-02-10 11:17:22 - agents.observation_agent - INFO - ObservationAgent initialized with LLM enhancement (Azure OpenAI)
2026-02-10 11:17:22 - agents.requirements_agent - INFO - RequirementsAgent initialized with LLM enhancement (Azure OpenAI)
2026-02-10 11:17:23 - agents.analysis_agent - INFO - AnalysisAgent initialized with LLM enhancement (Azure OpenAI)
2026-02-10 11:17:23 - agents.analysis_agent - INFO - AnalysisAgent initialized with database access for historical data
2026-02-10 11:17:23 - agents.evolution_agent - INFO - EvolutionAgent initialized with database session
2026-02-10 11:17:23 - agents.evolution_agent - INFO - EvolutionAgent initialized with LLM enhancement (Azure OpenAI)
2026-02-10 11:17:23 - agents.evolution_agent - INFO - EvolutionAgent initialized with prompt variant: variant_1

[INFO] User instruction provided: 'Complete purchase flow for 5G plan with 48 month contract term'
        RequirementsAgent will prioritize scenarios matching this requirement

[INFO] Login credentials provided: email='pmo.andrew...'
        Test steps will include login before purchase flow

================================================================================
REAL 4-Agent E2E Test: Complete Workflow
URL: https://web.three.com.hk/5gbroadband/plan-monthly.html?intcmp=web_homeshortcut_5gbb_251230_nil_tc
================================================================================

================================================================================
IMPORTANT: To see logs in REAL-TIME, you MUST run with -s flag:
  python -u -m pytest tests/integration/test_four_agent_e2e_real.py -v -s
================================================================================
Without -s, pytest captures all output and only shows it at the end!
================================================================================

All logs are being saved to: C:\Users\andrechw\Documents\AI-Web-Test-v1\backend\logs\test_four_agent_e2e_20260210_111721.log
You can view the log file in real-time with: tail -f C:\Users\andrechw\Documents\AI-Web-Test-v1\backend\logs\test_four_agent_e2e_20260210_111721.log
================================================================================

2026-02-10 11:17:23 - integration.test_four_agent_e2e_real - INFO - ================================================================================
2026-02-10 11:17:23 - integration.test_four_agent_e2e_real - INFO - REAL 4-Agent E2E Test: Complete Workflow
2026-02-10 11:17:23 - integration.test_four_agent_e2e_real - INFO - URL: https://web.three.com.hk/5gbroadband/plan-monthly.html?intcmp=web_homeshortcut_5gbb_251230_nil_tc
2026-02-10 11:17:23 - integration.test_four_agent_e2e_real - INFO - ================================================================================
2026-02-10 11:17:23 - integration.test_four_agent_e2e_real - WARNING - If you don't see logs in real-time, run with: pytest -v -s
2026-02-10 11:17:23 - integration.test_four_agent_e2e_real - INFO - ================================================================================
2026-02-10 11:17:23 - integration.test_four_agent_e2e_real - INFO - Step 1: Starting ObservationAgent - Observing page...
2026-02-10 11:17:23 - integration.test_four_agent_e2e_real - INFO - ================================================================================

================================================================================
Step 1: Observing page with ObservationAgent...
================================================================================
2026-02-10 11:17:23 - integration.test_four_agent_e2e_real - INFO - ObservationAgent: Starting page observation for https://web.three.com.hk/5gbroadband/plan-monthly.html?intcmp=web_homeshortcut_5gbb_251230_nil_tc
2026-02-10 11:17:23 - integration.test_four_agent_e2e_real - DEBUG - ObservationAgent task payload keys: ['url', 'max_depth']
[INFO] ObservationAgent: Crawling https://web.three.com.hk/5gbroadband/plan-monthly.html?intcmp=web_homeshortcut_5gbb_251230_nil_tc...
        Observation stages:
        1. Launching browser (Playwright)
        2. Loading page and extracting UI elements
        3. LLM enhancement (if enabled) for semantic understanding
        4. Merging Playwright + LLM results

2026-02-10 11:17:23 - agents.observation_agent - INFO - Crawling web application: https://web.three.com.hk/5gbroadband/plan-monthly.html?intcmp=web_homeshortcut_5gbb_251230_nil_tc (task obs-task-real-001)
2026-02-10 11:17:43 - agents.observation_agent - INFO - Crawled: https://web.three.com.hk/5gbroadband/plan-monthly.html?intcmp=web_homeshortcut_5gbb_251230_nil_tc (depth 0, 38 links)
2026-02-10 11:17:47 - agents.observation_agent - INFO - Playwright baseline: 37 elements, 0 forms
2026-02-10 11:17:47 - agents.observation_agent - INFO - Analyzing page with LLM for enhanced element detection...
2026-02-10 11:17:55 - llm.azure_client - INFO - Azure OpenAI found 3 additional elements
2026-02-10 11:17:55 - agents.observation_agent - INFO - LLM found 3 additional elements
2026-02-10 11:17:56 - agents.observation_agent - INFO - Confidence boosted by LLM enhancement
2026-02-10 11:17:56 - agents.observation_agent - INFO - Crawling complete: 1 pages, 40 elements, 0 forms
2026-02-10 11:17:56 - integration.test_four_agent_e2e_real - INFO - ObservationAgent: COMPLETED - success=True, confidence=0.90, execution_time=0.00s, ui_elements=40
2026-02-10 11:17:56 - integration.test_four_agent_e2e_real - INFO - ObservationAgent found 40 UI elements
[OK] Observation complete: 40 UI elements found

  Element Breakdown:
    - link: 20 elements
    - button: 17 elements
    - custom: 3 elements
2026-02-10 11:17:56 - integration.test_four_agent_e2e_real - INFO - ================================================================================
2026-02-10 11:17:56 - integration.test_four_agent_e2e_real - INFO - Step 2: Starting RequirementsAgent - Generating test scenarios...
2026-02-10 11:17:56 - integration.test_four_agent_e2e_real - INFO - ================================================================================

================================================================================
Step 2: Generating test scenarios with RequirementsAgent...
================================================================================
2026-02-10 11:17:56 - integration.test_four_agent_e2e_real - INFO - RequirementsAgent: User instruction provided: 'Complete purchase flow for 5G plan with 48 month contract term'
2026-02-10 11:17:56 - integration.test_four_agent_e2e_real - INFO - RequirementsAgent: Starting scenario generation from 40 UI elements
2026-02-10 11:17:56 - integration.test_four_agent_e2e_real - DEBUG - RequirementsAgent task payload keys: ['ui_elements', 'page_structure', 'page_context', 'user_instruction']
[INFO] RequirementsAgent: Generating BDD scenarios from 40 UI elements...
        User instruction: 'Complete purchase flow for 5G plan with 48 month contract term'
        Will prioritize scenarios matching this requirement
        Scenario generation stages:
        1. Grouping elements by page/component (Page Object Model)
        2. Mapping user journeys (multi-step flows)
        3. Generating functional scenarios (LLM + patterns)
           ‧ Prioritizing scenarios matching: 'Complete purchase flow for 5G plan with 48 month contract term'
        4. Generating accessibility scenarios (WCAG 2.1)
        5. Generating security scenarios (OWASP Top 10)
        6. Generating edge case scenarios (boundary tests)
        7. Extracting test data and calculating coverage

2026-02-10 11:17:56 - agents.requirements_agent - INFO - RequirementsAgent processing 40 UI elements for unknown
2026-02-10 11:17:56 - agents.requirements_agent - DEBUG - Grouped elements into 4 sections
2026-02-10 11:17:56 - agents.requirements_agent - DEBUG - Mapped 1 user journeys
2026-02-10 11:17:56 - agents.requirements_agent - INFO - Using LLM for high-quality scenario generation
2026-02-10 11:18:14 - agents.requirements_agent - INFO - LLM generated 14 high-quality scenarios
2026-02-10 11:18:14 - agents.requirements_agent - INFO - LLM generated 14 scenarios with avg confidence 0.90
2026-02-10 11:18:14 - agents.requirements_agent - DEBUG - Generated 14 functional scenarios
2026-02-10 11:18:14 - agents.requirements_agent - DEBUG - Generated 4 accessibility scenarios
2026-02-10 11:18:14 - agents.requirements_agent - DEBUG - Generated 0 security scenarios
2026-02-10 11:18:14 - agents.requirements_agent - DEBUG - Generated 0 edge case scenarios
2026-02-10 11:18:14 - agents.requirements_agent - DEBUG - Extracted 0 test data fields
2026-02-10 11:18:14 - agents.requirements_agent - INFO - RequirementsAgent completed: 18 scenarios, 5.4% coverage, confidence=0.90
2026-02-10 11:18:14 - integration.test_four_agent_e2e_real - INFO - RequirementsAgent: COMPLETED - success=True, confidence=0.90, execution_time=18.13s, scenarios_generated=18
2026-02-10 11:18:14 - integration.test_four_agent_e2e_real - INFO - RequirementsAgent generated 18 BDD scenarios
[OK] Requirements complete: 18 BDD scenarios generated

  [WARNING] No scenarios found matching user instruction: 'Complete purchase flow for 5G plan with 48 month contract term'
           This may indicate the instruction doesn't match available UI elements

  Scenarios by Type:
    - accessibility: 8 scenarios
    - security: 4 scenarios
    - functional: 3 scenarios
    - edge_case: 3 scenarios

  Scenarios by Priority:
    - critical: 6 scenarios
    - high: 9 scenarios
    - medium: 3 scenarios

  Sample Scenarios (First 3):
    [1] REQ-F-001 (functional, critical): User clicks on '立即登記' button to submit registration
         Given: User is on the page with 17 buttons including '立即登記'
         When: User clicks on the '立即登記' button
         Then: The registration form is submitted and user receives a success confirm...
    [2] REQ-F-002 (functional, high): Multiple '立即登記' buttons perform the same registration action
         Given: User is on the page with three '立即登記' buttons
         When: User clicks any of the '立即登記' buttons
         Then: The registration form is submitted successfully with consistent behavi...
    [3] REQ-A-001 (accessibility, critical): Keyboard navigation cycles through all 40 UI elements includ
         Given: User is on the page with 40 UI elements
         When: User navigates through the page using Tab and Shift+Tab keys
         Then: Focus moves sequentially and logically through all interactive element...
    ... and 15 more scenarios

  Coverage Metrics:
    - UI Coverage: 5.4%
    - Elements: 2/40 covered

  Quality Indicators:
    - Confidence: 0.90
    - Completeness: 5.41
2026-02-10 11:18:14 - integration.test_four_agent_e2e_real - INFO - ================================================================================
2026-02-10 11:18:14 - integration.test_four_agent_e2e_real - INFO - Step 3: Starting AnalysisAgent - Analyzing scenarios with real-time execution...
2026-02-10 11:18:14 - integration.test_four_agent_e2e_real - INFO - ================================================================================

================================================================================
Step 3: Analyzing scenarios with AnalysisAgent...
        Real-time execution is ENABLED - critical scenarios will be executed automatically
================================================================================
2026-02-10 11:18:14 - integration.test_four_agent_e2e_real - INFO - AnalysisAgent: Starting risk analysis for 18 scenarios (real-time execution enabled)
2026-02-10 11:18:14 - integration.test_four_agent_e2e_real - DEBUG - AnalysisAgent task: 18 scenarios to analyze
[INFO] AnalysisAgent: Analyzing 18 scenarios (calculating risk scores, prioritizing, executing critical ones)...
        Analysis stages:
        1. Historical data integration
        2. FMEA risk scoring (RPN = Severity × Occurrence × Detection)
        3. Real-time execution for critical scenarios (RPN ? 80)
        4. Business value scoring
        5. ROI calculation
        6. Dependency analysis
        7. Final prioritization

2026-02-10 11:18:14 - agents.analysis_agent - INFO - AnalysisAgent: Processing 18 scenarios...
2026-02-10 11:18:14 - agents.analysis_agent - DEBUG - AnalysisAgent: Stage 1 - Loading historical data...
2026-02-10 11:18:14 - agents.analysis_agent - DEBUG - AnalysisAgent: Loaded historical data for 4 scenarios
2026-02-10 11:18:14 - agents.analysis_agent - DEBUG - AnalysisAgent: Stage 2 - Calculating risk scores (FMEA framework)...
2026-02-10 11:18:30 - agents.analysis_agent - DEBUG - AnalysisAgent: Boosting severity for high-priority scenario REQ-F-001: 5 -> 5
2026-02-10 11:18:30 - agents.analysis_agent - DEBUG - AnalysisAgent: Boosting severity for high-priority scenario REQ-F-002: 4 -> 5
2026-02-10 11:18:30 - agents.analysis_agent - DEBUG - AnalysisAgent: Boosting severity for high-priority scenario REQ-A-001: 4 -> 5
2026-02-10 11:18:30 - agents.analysis_agent - DEBUG - AnalysisAgent: Boosting severity for high-priority scenario REQ-A-002: 4 -> 5
2026-02-10 11:18:30 - agents.analysis_agent - DEBUG - AnalysisAgent: Boosting severity for high-priority scenario REQ-A-003: 3 -> 4
2026-02-10 11:18:30 - agents.analysis_agent - DEBUG - AnalysisAgent: Boosting severity for high-priority scenario REQ-S-001: 5 -> 5
2026-02-10 11:18:30 - agents.analysis_agent - DEBUG - AnalysisAgent: Boosting severity for high-priority scenario REQ-S-002: 5 -> 5
2026-02-10 11:18:30 - agents.analysis_agent - DEBUG - AnalysisAgent: Boosting severity for high-priority scenario REQ-S-003: 5 -> 5
2026-02-10 11:18:30 - agents.analysis_agent - DEBUG - AnalysisAgent: Boosting severity for high-priority scenario REQ-E-001: 3 -> 4
2026-02-10 11:18:30 - agents.analysis_agent - DEBUG - AnalysisAgent: Boosting severity for high-priority scenario REQ-E-002: 4 -> 5
2026-02-10 11:18:30 - agents.analysis_agent - DEBUG - AnalysisAgent: Boosting severity for high-priority scenario REQ-E-003: 4 -> 5
2026-02-10 11:18:30 - agents.analysis_agent - DEBUG - AnalysisAgent: Boosting severity for high-priority scenario REQ-F-003: 4 -> 5
2026-02-10 11:18:30 - agents.analysis_agent - DEBUG - AnalysisAgent: Boosting severity for high-priority scenario REQ-A-004: 4 -> 5
2026-02-10 11:18:30 - agents.analysis_agent - DEBUG - AnalysisAgent: Boosting severity for high-priority scenario REQ-A-001: 4 -> 5
2026-02-10 11:18:30 - agents.analysis_agent - DEBUG - AnalysisAgent: Boosting severity for high-priority scenario REQ-A-002: 4 -> 5
2026-02-10 11:18:30 - agents.analysis_agent - DEBUG - AnalysisAgent: Boosting severity for high-priority scenario REQ-A-003: 3 -> 4
2026-02-10 11:18:30 - agents.analysis_agent - DEBUG - AnalysisAgent: Boosting severity for high-priority scenario REQ-A-004: 3 -> 4
2026-02-10 11:18:30 - agents.analysis_agent - INFO - AnalysisAgent: Calculated risk scores for 14 scenarios
2026-02-10 11:18:30 - agents.analysis_agent - DEBUG - AnalysisAgent: Stage 3 - Calculating business values...
2026-02-10 11:18:30 - agents.analysis_agent - DEBUG - AnalysisAgent: Stage 4 - Calculating ROI scores...
2026-02-10 11:18:30 - agents.analysis_agent - DEBUG - AnalysisAgent: Stage 5 - Estimating execution times...
2026-02-10 11:18:30 - agents.analysis_agent - DEBUG - AnalysisAgent: Stage 6 - Analyzing dependencies...
2026-02-10 11:18:30 - agents.analysis_agent - WARNING - Circular dependency detected in scenarios!
2026-02-10 11:18:30 - agents.analysis_agent - DEBUG - AnalysisAgent: Stage 7 - Analyzing coverage impact...
2026-02-10 11:18:30 - agents.analysis_agent - DEBUG - AnalysisAgent: Stage 8 - Assessing regression risk...
2026-02-10 11:18:30 - agents.analysis_agent - INFO - AnalysisAgent: Executing 17 scenarios in real-time (RPN threshold: 0, parallel batch size: 3)
2026-02-10 11:18:30 - agents.analysis_agent - INFO - AnalysisAgent: Executing batch 1/6 (3 scenarios in parallel)
2026-02-10 11:18:30 - agents.analysis_agent - ERROR - Real-time execution setup failed: No module named 'stagehand'
2026-02-10 11:18:30 - agents.analysis_agent - ERROR - Real-time execution setup failed: No module named 'stagehand'
2026-02-10 11:18:30 - agents.analysis_agent - ERROR - Real-time execution setup failed: No module named 'stagehand'
2026-02-10 11:18:30 - agents.analysis_agent - WARNING - AnalysisAgent: Execution returned no result for scenario REQ-F-001
2026-02-10 11:18:30 - agents.analysis_agent - WARNING - AnalysisAgent: Execution returned no result for scenario REQ-F-002
2026-02-10 11:18:30 - agents.analysis_agent - WARNING - AnalysisAgent: Execution returned no result for scenario REQ-A-001
2026-02-10 11:18:30 - agents.analysis_agent - INFO - AnalysisAgent: Executing batch 2/6 (3 scenarios in parallel)
2026-02-10 11:18:30 - agents.analysis_agent - ERROR - Real-time execution setup failed: No module named 'stagehand'
2026-02-10 11:18:30 - agents.analysis_agent - ERROR - Real-time execution setup failed: No module named 'stagehand'
2026-02-10 11:18:30 - agents.analysis_agent - ERROR - Real-time execution setup failed: No module named 'stagehand'
2026-02-10 11:18:30 - agents.analysis_agent - WARNING - AnalysisAgent: Execution returned no result for scenario REQ-A-002
2026-02-10 11:18:30 - agents.analysis_agent - WARNING - AnalysisAgent: Execution returned no result for scenario REQ-A-003
2026-02-10 11:18:30 - agents.analysis_agent - WARNING - AnalysisAgent: Execution returned no result for scenario REQ-S-001
2026-02-10 11:18:30 - agents.analysis_agent - INFO - AnalysisAgent: Executing batch 3/6 (3 scenarios in parallel)
2026-02-10 11:18:30 - agents.analysis_agent - ERROR - Real-time execution setup failed: No module named 'stagehand'
2026-02-10 11:18:30 - agents.analysis_agent - ERROR - Real-time execution setup failed: No module named 'stagehand'
2026-02-10 11:18:30 - agents.analysis_agent - ERROR - Real-time execution setup failed: No module named 'stagehand'
2026-02-10 11:18:30 - agents.analysis_agent - WARNING - AnalysisAgent: Execution returned no result for scenario REQ-S-002
2026-02-10 11:18:30 - agents.analysis_agent - WARNING - AnalysisAgent: Execution returned no result for scenario REQ-S-003
2026-02-10 11:18:30 - agents.analysis_agent - WARNING - AnalysisAgent: Execution returned no result for scenario REQ-E-001
2026-02-10 11:18:30 - agents.analysis_agent - INFO - AnalysisAgent: Executing batch 4/6 (3 scenarios in parallel)
2026-02-10 11:18:30 - agents.analysis_agent - ERROR - Real-time execution setup failed: No module named 'stagehand'
2026-02-10 11:18:30 - agents.analysis_agent - ERROR - Real-time execution setup failed: No module named 'stagehand'
2026-02-10 11:18:30 - agents.analysis_agent - ERROR - Real-time execution setup failed: No module named 'stagehand'
2026-02-10 11:18:30 - agents.analysis_agent - WARNING - AnalysisAgent: Execution returned no result for scenario REQ-E-002
2026-02-10 11:18:30 - agents.analysis_agent - WARNING - AnalysisAgent: Execution returned no result for scenario REQ-E-003
2026-02-10 11:18:30 - agents.analysis_agent - WARNING - AnalysisAgent: Execution returned no result for scenario REQ-F-003
2026-02-10 11:18:30 - agents.analysis_agent - INFO - AnalysisAgent: Executing batch 5/6 (3 scenarios in parallel)
2026-02-10 11:18:30 - agents.analysis_agent - ERROR - Real-time execution setup failed: No module named 'stagehand'
2026-02-10 11:18:30 - agents.analysis_agent - ERROR - Real-time execution setup failed: No module named 'stagehand'
2026-02-10 11:18:30 - agents.analysis_agent - ERROR - Real-time execution setup failed: No module named 'stagehand'
2026-02-10 11:18:30 - agents.analysis_agent - WARNING - AnalysisAgent: Execution returned no result for scenario REQ-A-004
2026-02-10 11:18:30 - agents.analysis_agent - WARNING - AnalysisAgent: Execution returned no result for scenario REQ-S-004
2026-02-10 11:18:30 - agents.analysis_agent - WARNING - AnalysisAgent: Execution returned no result for scenario REQ-A-001
2026-02-10 11:18:30 - agents.analysis_agent - INFO - AnalysisAgent: Executing batch 6/6 (2 scenarios in parallel)
2026-02-10 11:18:30 - agents.analysis_agent - ERROR - Real-time execution setup failed: No module named 'stagehand'
2026-02-10 11:18:30 - agents.analysis_agent - ERROR - Real-time execution setup failed: No module named 'stagehand'
2026-02-10 11:18:30 - agents.analysis_agent - WARNING - AnalysisAgent: Execution returned no result for scenario REQ-A-002
2026-02-10 11:18:30 - agents.analysis_agent - WARNING - AnalysisAgent: Execution returned no result for scenario REQ-A-003
2026-02-10 11:18:31 - integration.test_four_agent_e2e_real - INFO - AnalysisAgent: COMPLETED - success=True, confidence=0.87, execution_time=16.66s, risk_scores=14, real_executions=0
2026-02-10 11:18:31 - integration.test_four_agent_e2e_real - INFO - AnalysisAgent calculated 14 risk scores
[OK] Analysis complete: 14 risk scores calculated

  Analysis Output Structure:
    [OK] Risk scores: 14 scenarios
    [OK] Business values: 18 scenarios
    [OK] ROI scores: 18 scenarios
    [OK] Final prioritization: 18 scenarios
    [OK] Execution strategy: 0 smoke tests
2026-02-10 11:18:31 - integration.test_four_agent_e2e_real - INFO - ================================================================================
2026-02-10 11:18:31 - integration.test_four_agent_e2e_real - INFO - Step 4: Starting EvolutionAgent - Generating test steps and storing in database...
2026-02-10 11:18:31 - integration.test_four_agent_e2e_real - INFO - ================================================================================

================================================================================
Step 4: Generating test steps with EvolutionAgent...
================================================================================
2026-02-10 11:18:31 - integration.test_four_agent_e2e_real - INFO - EvolutionAgent: User instruction provided: 'Complete purchase flow for 5G plan with 48 month contract term'
2026-02-10 11:18:31 - integration.test_four_agent_e2e_real - INFO - EvolutionAgent: Login credentials provided (email: pmo.andrew...)
2026-02-10 11:18:31 - integration.test_four_agent_e2e_real - INFO - EvolutionAgent: Starting test steps generation for 18 scenarios
2026-02-10 11:18:31 - integration.test_four_agent_e2e_real - INFO - EvolutionAgent: Database session available: True
2026-02-10 11:18:31 - integration.test_four_agent_e2e_real - DEBUG - EvolutionAgent task: 18 scenarios to convert to test steps
[INFO] EvolutionAgent: Generating test steps for 18 scenarios (database: enabled)...
        This will convert BDD scenarios (Given/When/Then) to executable test steps
        and store them in the database as TestCase objects

  Scenarios to process:
    [1/18] REQ-F-001: User clicks on '立即登記' button to submit registration
    [2/18] REQ-F-002: Multiple '立即登記' buttons perform the same registration action
    [3/18] REQ-A-001: Keyboard navigation cycles through all 40 UI elements includ
    [4/18] REQ-A-002: All buttons and links have appropriate ARIA labels for scree
    [5/18] REQ-A-003: Page meets minimum contrast ratio for text and interactive e
    ... and 13 more scenarios

2026-02-10 11:18:31 - agents.evolution_agent - INFO - EvolutionAgent processing 18 scenarios (generation_id: ad78f493-1cc9-4b5a-bb52-f7dede6c5ffb)
2026-02-10 11:18:31 - agents.evolution_agent - INFO - EvolutionAgent: Generating test steps for 18 scenarios...
2026-02-10 11:18:31 - agents.evolution_agent - INFO - EvolutionAgent: Processing scenario 1/18: REQ-F-001 - User clicks on '立即登記' button to submit registratio
2026-02-10 11:18:31 - agents.evolution_agent - DEBUG - EvolutionAgent: Generating steps for scenario REQ-F-001 using LLM
2026-02-10 11:18:35 - agents.evolution_agent - INFO - EvolutionAgent: Generated 19 steps for scenario REQ-F-001 (confidence: 0.95, tokens: 1223)
2026-02-10 11:18:35 - agents.evolution_agent - INFO - EvolutionAgent: Processing scenario 2/18: REQ-F-002 - Multiple '立即登記' buttons perform the same registrat
2026-02-10 11:18:35 - agents.evolution_agent - DEBUG - EvolutionAgent: Generating steps for scenario REQ-F-002 using LLM
2026-02-10 11:18:43 - agents.evolution_agent - INFO - EvolutionAgent: Generated 33 steps for scenario REQ-F-002 (confidence: 0.95, tokens: 1501)
2026-02-10 11:18:43 - agents.evolution_agent - INFO - EvolutionAgent: Processing scenario 3/18: REQ-A-001 - Keyboard navigation cycles through all 40 UI eleme
2026-02-10 11:18:43 - agents.evolution_agent - DEBUG - EvolutionAgent: Generating steps for scenario REQ-A-001 using LLM
2026-02-10 11:18:47 - agents.evolution_agent - INFO - EvolutionAgent: Generated 14 steps for scenario REQ-A-001 (confidence: 0.95, tokens: 1272)
2026-02-10 11:18:47 - agents.evolution_agent - INFO - EvolutionAgent: Processing scenario 4/18: REQ-A-002 - All buttons and links have appropriate ARIA labels
2026-02-10 11:18:47 - agents.evolution_agent - DEBUG - EvolutionAgent: Generating steps for scenario REQ-A-002 using LLM
2026-02-10 11:18:52 - agents.evolution_agent - INFO - EvolutionAgent: Generated 27 steps for scenario REQ-A-002 (confidence: 0.95, tokens: 1353)
2026-02-10 11:18:52 - agents.evolution_agent - INFO - EvolutionAgent: Processing scenario 5/18: REQ-A-003 - Page meets minimum contrast ratio for text and int
2026-02-10 11:18:52 - agents.evolution_agent - DEBUG - EvolutionAgent: Generating steps for scenario REQ-A-003 using LLM
2026-02-10 11:18:56 - agents.evolution_agent - INFO - EvolutionAgent: Generated 12 steps for scenario REQ-A-003 (confidence: 0.95, tokens: 1188)
2026-02-10 11:18:56 - agents.evolution_agent - INFO - EvolutionAgent: Processing scenario 6/18: REQ-S-001 - Input fields prevent XSS attacks via script inject
2026-02-10 11:18:56 - agents.evolution_agent - DEBUG - EvolutionAgent: Generating steps for scenario REQ-S-001 using LLM
2026-02-10 11:19:02 - agents.evolution_agent - INFO - EvolutionAgent: Generated 23 steps for scenario REQ-S-001 (confidence: 0.95, tokens: 1379)
2026-02-10 11:19:02 - agents.evolution_agent - INFO - EvolutionAgent: Processing scenario 7/18: REQ-S-002 - Page is protected against CSRF attacks on form sub
2026-02-10 11:19:02 - agents.evolution_agent - DEBUG - EvolutionAgent: Generating steps for scenario REQ-S-002 using LLM
2026-02-10 11:19:10 - agents.evolution_agent - INFO - EvolutionAgent: Generated 26 steps for scenario REQ-S-002 (confidence: 0.95, tokens: 1495)
2026-02-10 11:19:10 - agents.evolution_agent - INFO - EvolutionAgent: Processing scenario 8/18: REQ-S-003 - Input fields validate against SQL injection attemp
2026-02-10 11:19:10 - agents.evolution_agent - DEBUG - EvolutionAgent: Generating steps for scenario REQ-S-003 using LLM
2026-02-10 11:19:19 - agents.evolution_agent - INFO - EvolutionAgent: Generated 27 steps for scenario REQ-S-003 (confidence: 0.95, tokens: 1501)
2026-02-10 11:19:19 - agents.evolution_agent - INFO - EvolutionAgent: Processing scenario 9/18: REQ-E-001 - Form input fields enforce maximum length boundary
2026-02-10 11:19:19 - agents.evolution_agent - DEBUG - EvolutionAgent: Generating steps for scenario REQ-E-001 using LLM
2026-02-10 11:19:25 - agents.evolution_agent - INFO - EvolutionAgent: Generated 26 steps for scenario REQ-E-001 (confidence: 0.95, tokens: 1370)
2026-02-10 11:19:25 - agents.evolution_agent - INFO - EvolutionAgent: Processing scenario 10/18: REQ-E-002 - Page handles empty mandatory input fields graceful
2026-02-10 11:19:25 - agents.evolution_agent - DEBUG - EvolutionAgent: Generating steps for scenario REQ-E-002 using LLM
2026-02-10 11:19:29 - agents.evolution_agent - INFO - EvolutionAgent: Generated 17 steps for scenario REQ-E-002 (confidence: 0.95, tokens: 1224)
2026-02-10 11:19:29 - agents.evolution_agent - INFO - EvolutionAgent: Processing scenario 11/18: REQ-E-003 - Page handles rapid repeated clicks on '立即登記' butto
2026-02-10 11:19:29 - agents.evolution_agent - DEBUG - EvolutionAgent: Generating steps for scenario REQ-E-003 using LLM
2026-02-10 11:19:35 - agents.evolution_agent - INFO - EvolutionAgent: Generated 26 steps for scenario REQ-E-003 (confidence: 0.95, tokens: 1369)
2026-02-10 11:19:35 - agents.evolution_agent - INFO - EvolutionAgent: Processing scenario 12/18: REQ-F-003 - Links navigate to correct destinations
2026-02-10 11:19:35 - agents.evolution_agent - DEBUG - EvolutionAgent: Generating steps for scenario REQ-F-003 using LLM
2026-02-10 11:19:41 - agents.evolution_agent - INFO - EvolutionAgent: Generated 18 steps for scenario REQ-F-003 (confidence: 0.95, tokens: 1300)
2026-02-10 11:19:41 - agents.evolution_agent - INFO - EvolutionAgent: Processing scenario 13/18: REQ-A-004 - Custom UI elements are accessible and operable via
2026-02-10 11:19:41 - agents.evolution_agent - DEBUG - EvolutionAgent: Generating steps for scenario REQ-A-004 using LLM
2026-02-10 11:19:49 - agents.evolution_agent - INFO - EvolutionAgent: Generated 35 steps for scenario REQ-A-004 (confidence: 0.95, tokens: 1623)
2026-02-10 11:19:49 - agents.evolution_agent - INFO - EvolutionAgent: Processing scenario 14/18: REQ-S-004 - Session timeout triggers logout and prevents CSRF 
2026-02-10 11:19:49 - agents.evolution_agent - DEBUG - EvolutionAgent: Generating steps for scenario REQ-S-004 using LLM
2026-02-10 11:19:55 - agents.evolution_agent - INFO - EvolutionAgent: Generated 28 steps for scenario REQ-S-004 (confidence: 0.95, tokens: 1385)
2026-02-10 11:19:55 - agents.evolution_agent - INFO - EvolutionAgent: Processing scenario 15/18: REQ-A-001 - Keyboard Navigation - All Interactive Elements Acc
2026-02-10 11:19:55 - agents.evolution_agent - DEBUG - EvolutionAgent: Generating steps for scenario REQ-A-001 using LLM
2026-02-10 11:19:59 - agents.evolution_agent - INFO - EvolutionAgent: Generated 12 steps for scenario REQ-A-001 (confidence: 0.95, tokens: 1182)
2026-02-10 11:19:59 - agents.evolution_agent - INFO - EvolutionAgent: Processing scenario 16/18: REQ-A-002 - Screen Reader - Semantic HTML and ARIA Labels
2026-02-10 11:19:59 - agents.evolution_agent - DEBUG - EvolutionAgent: Generating steps for scenario REQ-A-002 using LLM
2026-02-10 11:20:07 - agents.evolution_agent - INFO - EvolutionAgent: Generated 34 steps for scenario REQ-A-002 (confidence: 0.95, tokens: 1594)
2026-02-10 11:20:07 - agents.evolution_agent - INFO - EvolutionAgent: Processing scenario 17/18: REQ-A-003 - Color Contrast - WCAG AA Compliance
2026-02-10 11:20:07 - agents.evolution_agent - DEBUG - EvolutionAgent: Generating steps for scenario REQ-A-003 using LLM
2026-02-10 11:20:11 - agents.evolution_agent - INFO - EvolutionAgent: Generated 10 steps for scenario REQ-A-003 (confidence: 0.95, tokens: 1178)
2026-02-10 11:20:11 - agents.evolution_agent - INFO - EvolutionAgent: Processing scenario 18/18: REQ-A-004 - Text Resize - Content Readable at 200% Zoom
2026-02-10 11:20:11 - agents.evolution_agent - DEBUG - EvolutionAgent: Generating steps for scenario REQ-A-004 using LLM
2026-02-10 11:20:14 - agents.evolution_agent - INFO - EvolutionAgent: Generated 10 steps for scenario REQ-A-004 (confidence: 0.95, tokens: 1123)
2026-02-10 11:20:14 - agents.evolution_agent - INFO - EvolutionAgent: Storing 18 test cases in database...
2026-02-10 11:20:14 - agents.evolution_agent - ERROR - EvolutionAgent: Failed to store test cases in database: invalid syntax (__init__.py, line 14)
Traceback (most recent call last):
  File "C:\Users\andrechw\Documents\AI-Web-Test-v1\backend\agents\evolution_agent.py", line 198, in execute_task
    db_test_case_ids = await self._store_test_cases_in_database(
                       ^^^^^^^^^^^^^^^^^^^^^^^^^^^^^^^^^^^^^^^^^
    ...<2 lines>...
    )
    ^
  File "C:\Users\andrechw\Documents\AI-Web-Test-v1\backend\agents\evolution_agent.py", line 358, in _store_test_cases_in_database
    from app.models.test_case import TestCase, TestType, Priority, TestStatus
  File "C:\Users\andrechw\Documents\AI-Web-Test-v1\backend\app\models\__init__.py", line 14
    <<<<<<< HEAD
    ^^
SyntaxError: invalid syntax
2026-02-10 11:20:14 - agents.evolution_agent - INFO - EvolutionAgent generated 18 test cases (confidence: 0.95, tokens: 24260, stored: 0)
2026-02-10 11:20:14 - integration.test_four_agent_e2e_real - INFO - EvolutionAgent: COMPLETED - success=True, confidence=0.95, execution_time=103.29s, test_cases_generated=18, stored_in_db=False, db_ids_count=0
[OK] Evolution complete: 18 test cases generated
        Generation ID: ad78f493-1cc9-4b5a-bb52-f7dede6c5ffb
        Stored in database: False

Step 4.6: Feedback Loop - Learning from execution results...
[INFO] Feedback loop skipped (database not available or test cases not stored)

  Generated Test Cases:
    [1] Scenario REQ-F-001:
         Steps: 19 steps, Confidence: 0.95
         First step: Navigate to https://web.three.com.hk/5gbroadband/plan-monthly.html?intcmp=web_ho...
         Last step: Verify final goal completion: order ID displayed AND payment confirmed AND order...
    [2] Scenario REQ-F-002:
         Steps: 33 steps, Confidence: 0.95
         First step: Navigate to https://web.three.com.hk/5gbroadband/plan-monthly.html?intcmp=web_ho...
         Last step: Verify that the purchase flow is complete with order ID displayed, payment confi...
    [3] Scenario REQ-A-001:
         Steps: 14 steps, Confidence: 0.95
         First step: Navigate to https://web.three.com.hk/5gbroadband/plan-monthly.html?intcmp=web_ho...
         Last step: Verify that the keyboard navigation cycle is consistent and stable after multipl...
    [4] Scenario REQ-A-002:
         Steps: 27 steps, Confidence: 0.95
         First step: Navigate to https://web.three.com.hk/5gbroadband/plan-monthly.html?intcmp=web_ho...
         Last step: Return to the main page and re-verify that all buttons and links have appropriat...
    [5] Scenario REQ-A-003:
         Steps: 12 steps, Confidence: 0.95
         First step: Navigate to https://web.three.com.hk/5gbroadband/plan-monthly.html?intcmp=web_ho...
         Last step: If all elements pass, confirm the page meets WCAG 2.1 minimum contrast ratio req...
    ... and 13 more test cases

        Overall Confidence: 0.95
2026-02-10 11:20:14 - integration.test_four_agent_e2e_real - WARNING - Step 4.5: Skipping database verification - db_session=True, stored_in_db=False, test_case_ids=0

Step 4.5: Skipping database verification (database not available or not stored)

================================================================================
TEST SUMMARY
================================================================================
Page URL: https://web.three.com.hk/5gbroadband/plan-monthly.html?intcmp=web_homeshortcut_5gbb_251230_nil_tc
UI Elements Observed: 40
Scenarios Generated: 18
Risk Scores Calculated: 14
Scenarios Prioritized: 18
Scenarios Executed (REAL): 0
Test Cases Generated: 18

Top 3 Prioritized Scenarios:
  1. Session timeout triggers logout and prevents CSRF attacks
     Priority: medium, Score: 0.37
     Type: security
  2. Input fields prevent XSS attacks via script injection
     Priority: low, Score: 0.34
     Type: security
  3. Page is protected against CSRF attacks on form submission
     Priority: low, Score: 0.34
     Type: security
================================================================================

[OK] All assertions passed!

================================================================================
TEST COMPLETE - All logs saved to:
  C:\Users\andrechw\Documents\AI-Web-Test-v1\backend\logs\test_four_agent_e2e_20260210_111721.log
================================================================================

PASSED

============================== warnings summary ===============================
tests\integration\test_four_agent_e2e_real.py:264
  C:\Users\andrechw\Documents\AI-Web-Test-v1\backend\tests\integration\test_four_agent_e2e_real.py:264: PytestUnknownMarkWarning: Unknown pytest.mark.slow - is this a typo?  You can register custom marks to avoid this warning - for details, see https://docs.pytest.org/en/stable/how-to/mark.html
    @pytest.mark.slow  # Mark as slow test (requires real web crawling, LLM calls, and execution)

tests/integration/test_four_agent_e2e_real.py::TestFourAgentE2EReal::test_complete_4_agent_workflow_real
  C:\Python313\Lib\site-packages\pydantic\_internal\_config.py:323: PydanticDeprecatedSince20: Support for class-based `config` is deprecated, use ConfigDict instead. Deprecated in Pydantic V2.0 to be removed in V3.0. See Pydantic V2 Migration Guide at https://errors.pydantic.dev/2.11/migration/
    warnings.warn(DEPRECATION_MESSAGE, DeprecationWarning)

tests/integration/test_four_agent_e2e_real.py::TestFourAgentE2EReal::test_complete_4_agent_workflow_real
tests/integration/test_four_agent_e2e_real.py::TestFourAgentE2EReal::test_complete_4_agent_workflow_real
tests/integration/test_four_agent_e2e_real.py::TestFourAgentE2EReal::test_complete_4_agent_workflow_real
tests/integration/test_four_agent_e2e_real.py::TestFourAgentE2EReal::test_complete_4_agent_workflow_real
  C:\Users\andrechw\Documents\AI-Web-Test-v1\backend\agents\base_agent.py:94: DeprecationWarning: datetime.datetime.utcnow() is deprecated and scheduled for removal in a future version. Use timezone-aware objects to represent datetimes in UTC: datetime.datetime.now(datetime.UTC).
    self.created_at = datetime.utcnow()

tests/integration/test_four_agent_e2e_real.py::TestFourAgentE2EReal::test_complete_4_agent_workflow_real
tests/integration/test_four_agent_e2e_real.py::TestFourAgentE2EReal::test_complete_4_agent_workflow_real
tests/integration/test_four_agent_e2e_real.py::TestFourAgentE2EReal::test_complete_4_agent_workflow_real
tests/integration/test_four_agent_e2e_real.py::TestFourAgentE2EReal::test_complete_4_agent_workflow_real
  C:\Users\andrechw\Documents\AI-Web-Test-v1\backend\agents\base_agent.py:144: DeprecationWarning: datetime.datetime.utcnow() is deprecated and scheduled for removal in a future version. Use timezone-aware objects to represent datetimes in UTC: datetime.datetime.now(datetime.UTC).
    self.completed_at = datetime.utcnow()

-- Docs: https://docs.pytest.org/en/stable/how-to/capture-warnings.html
================= 1 passed, 10 warnings in 172.87s (0:02:52) ==================
